#-----------------------------------------------------------
# Webtalk v2021.1.1 (64-bit)
# SW Build 3247384 on Thu Jun 10 19:36:33 MDT 2021
# IP Build 3279568 on Wed Jul 28 16:48:48 MDT 2021
# Start of session at: Sun Jan  1 22:59:48 2023
# Process ID: 27916
# Current directory: C:/Users/g/Desktop/CSU22022-Computer-Architecture/Project/Project.sim/sim_1/behav/xsim
# Command line: wbtcv.exe -mode batch -source C:/Users/g/Desktop/CSU22022-Computer-Architecture/Project/Project.sim/sim_1/behav/xsim/xsim.dir/CPU_RAM_20332706_TB_behav/webtalk/xsim_webtalk.tcl -notrace
# Log file: C:/Users/g/Desktop/CSU22022-Computer-Architecture/Project/Project.sim/sim_1/behav/xsim/webtalk.log
# Journal file: C:/Users/g/Desktop/CSU22022-Computer-Architecture/Project/Project.sim/sim_1/behav/xsim\webtalk.jou
#-----------------------------------------------------------
source C:/Users/g/Desktop/CSU22022-Computer-Architecture/Project/Project.sim/sim_1/behav/xsim/xsim.dir/CPU_RAM_20332706_TB_behav/webtalk/xsim_webtalk.tcl -notrace
